// Jest Snapshot v1, https://goo.gl/fbAQLP

exports[`Pruebas en <MultipleCustomHooks /> debe mostrar correctamente 1`] = `
<div>
  <h1>
    BreakingBad Quotes
  </h1>
  <hr />
  <div
    className="alert alert-info"
  >
    Loading....
  </div>
  <button
    className="btn btn-primary"
    onClick={[Function]}
  >
    Siguiente Quote
  </button>
</div>
`;
